src/services/offrampService.ts(1017,5): error TS1128: Declaration or statement expected.
src/services/offrampService.ts(1035,1): error TS1128: Declaration or statement expected.
